0000 0000	0	1000 0000 0000 0000	0000 0000 0000 0101
0000 0001	0	0010 0000 0000 0000	0000 0000 0000 0101
0000 0010	0	0000 0000 0000 0111	0000 0000 0000 0101
0000 0011	0	0000 0000 0000 0001	0000 0000 0000 0101
0000 0100	0	0001 1111 1101 1101	0000 0000 0000 0101
0000 0101	1	1111 1111 1111 1110	0000 0000 0000 0101
0000 0110	0	0000 0000 0000 0000	0000 0000 0000 0101
0000 0111	1	1111 1010 1101 1111	0000 0000 0000 0101
0000 1000	0	1011 1011 1110 1101	0000 0000 0000 0101
