0000 0000	0	0010 1111 0010 1111	0000 0001 1110 0011
0000 0001	0	1001 1101 1001 1100	1010 0110 0001 0100
0000 0010	0	1000 0000 0000 0000	0000 0000 0000 0000
0000 0011	1	0000 0000 0000 0000	0000 0000 0000 0000
